09-Oct-2026 13:24:13.260 INFO [main] org.apache.catalina.core.ApplicationContext.log Initializing AtmosphereFramework
09-Oct-2026 13:24:13.857 INFO [main] org.apache.catalina.core.ApplicationContext.log ContextListener: contextInitialized()
09-Oct-2026 13:24:13.857 INFO [main] org.apache.catalina.core.ApplicationContext.log SessionListener: contextInitialized()
09-Oct-2026 13:24:13.859 INFO [main] org.apache.catalina.core.ApplicationContext.log ContextListener: attributeAdded('StockTicker', 'async.Stockticker@7f746160')
09-Oct-2026 13:25:24.549 INFO [main] org.apache.catalina.core.ApplicationContext.log Initializing AtmosphereFramework
09-Oct-2026 13:25:25.219 INFO [main] org.apache.catalina.core.ApplicationContext.log ContextListener: contextInitialized()
09-Oct-2026 13:25:25.219 INFO [main] org.apache.catalina.core.ApplicationContext.log SessionListener: contextInitialized()
09-Oct-2026 13:25:25.221 INFO [main] org.apache.catalina.core.ApplicationContext.log ContextListener: attributeAdded('StockTicker', 'async.Stockticker@1a370c7c')
09-Oct-2026 13:27:09.091 INFO [main] org.apache.catalina.core.ApplicationContext.log Initializing AtmosphereFramework
09-Oct-2026 13:27:09.750 INFO [main] org.apache.catalina.core.ApplicationContext.log ContextListener: contextInitialized()
09-Oct-2026 13:27:09.750 INFO [main] org.apache.catalina.core.ApplicationContext.log SessionListener: contextInitialized()
09-Oct-2026 13:27:09.753 INFO [main] org.apache.catalina.core.ApplicationContext.log ContextListener: attributeAdded('StockTicker', 'async.Stockticker@5599f22f')
09-Oct-2026 13:52:15.675 INFO [main] org.apache.catalina.core.ApplicationContext.log Initializing AtmosphereFramework
09-Oct-2026 13:52:16.327 INFO [main] org.apache.catalina.core.ApplicationContext.log ContextListener: contextInitialized()
09-Oct-2026 13:52:16.327 INFO [main] org.apache.catalina.core.ApplicationContext.log SessionListener: contextInitialized()
09-Oct-2026 13:52:16.330 INFO [main] org.apache.catalina.core.ApplicationContext.log ContextListener: attributeAdded('StockTicker', 'async.Stockticker@5599f22f')
09-Oct-2026 13:57:31.443 INFO [main] org.apache.catalina.core.ApplicationContext.log Initializing AtmosphereFramework
09-Oct-2026 13:57:32.106 INFO [main] org.apache.catalina.core.ApplicationContext.log ContextListener: contextInitialized()
09-Oct-2026 13:57:32.106 INFO [main] org.apache.catalina.core.ApplicationContext.log SessionListener: contextInitialized()
09-Oct-2026 13:57:32.109 INFO [main] org.apache.catalina.core.ApplicationContext.log ContextListener: attributeAdded('StockTicker', 'async.Stockticker@5599f22f')
09-Oct-2026 14:16:20.204 INFO [main] org.apache.catalina.core.ApplicationContext.log Initializing AtmosphereFramework
09-Oct-2026 14:16:20.820 INFO [main] org.apache.catalina.core.ApplicationContext.log ContextListener: contextInitialized()
09-Oct-2026 14:16:20.821 INFO [main] org.apache.catalina.core.ApplicationContext.log SessionListener: contextInitialized()
09-Oct-2026 14:16:20.822 INFO [main] org.apache.catalina.core.ApplicationContext.log ContextListener: attributeAdded('StockTicker', 'async.Stockticker@7fb70e94')
09-Oct-2026 14:32:57.512 INFO [Catalina-utility-1] org.apache.catalina.core.ApplicationContext.log Initializing AtmosphereFramework
09-Oct-2026 14:45:44.362 INFO [Catalina-utility-2] org.apache.catalina.core.ApplicationContext.log Initializing AtmosphereFramework
09-Oct-2026 14:51:21.595 INFO [Catalina-utility-2] org.apache.catalina.core.ApplicationContext.log Initializing AtmosphereFramework
09-Oct-2026 14:55:39.178 INFO [main] org.apache.catalina.core.ApplicationContext.log Initializing AtmosphereFramework
09-Oct-2026 14:55:39.815 INFO [main] org.apache.catalina.core.ApplicationContext.log ContextListener: contextInitialized()
09-Oct-2026 14:55:39.815 INFO [main] org.apache.catalina.core.ApplicationContext.log SessionListener: contextInitialized()
09-Oct-2026 14:55:39.819 INFO [main] org.apache.catalina.core.ApplicationContext.log ContextListener: attributeAdded('StockTicker', 'async.Stockticker@37f687c1')
09-Oct-2026 15:04:26.921 INFO [Catalina-utility-1] org.apache.catalina.core.ApplicationContext.log Initializing AtmosphereFramework
09-Oct-2026 15:08:13.247 INFO [Catalina-utility-2] org.apache.catalina.core.ApplicationContext.log Initializing AtmosphereFramework
09-Oct-2026 15:10:59.578 INFO [Catalina-utility-2] org.apache.catalina.core.ApplicationContext.log Initializing AtmosphereFramework
09-Oct-2026 15:13:25.909 INFO [Catalina-utility-1] org.apache.catalina.core.ApplicationContext.log Initializing AtmosphereFramework
09-Oct-2026 15:16:42.199 INFO [Catalina-utility-1] org.apache.catalina.core.ApplicationContext.log Initializing AtmosphereFramework
09-Oct-2026 15:20:18.473 INFO [Catalina-utility-1] org.apache.catalina.core.ApplicationContext.log Initializing AtmosphereFramework
09-Oct-2026 16:03:17.845 INFO [main] org.apache.catalina.core.ApplicationContext.log Initializing AtmosphereFramework
09-Oct-2026 16:03:18.953 INFO [main] org.apache.catalina.core.ApplicationContext.log ContextListener: contextInitialized()
09-Oct-2026 16:03:18.953 INFO [main] org.apache.catalina.core.ApplicationContext.log SessionListener: contextInitialized()
09-Oct-2026 16:03:18.958 INFO [main] org.apache.catalina.core.ApplicationContext.log ContextListener: attributeAdded('StockTicker', 'async.Stockticker@5da08e9a')
09-Oct-2026 19:52:07.067 INFO [main] org.apache.catalina.core.ApplicationContext.log Initializing AtmosphereFramework
09-Oct-2026 19:52:08.935 INFO [main] org.apache.catalina.core.ApplicationContext.log ContextListener: contextInitialized()
09-Oct-2026 19:52:08.936 INFO [main] org.apache.catalina.core.ApplicationContext.log SessionListener: contextInitialized()
09-Oct-2026 19:52:08.939 INFO [main] org.apache.catalina.core.ApplicationContext.log ContextListener: attributeAdded('StockTicker', 'async.Stockticker@16817bad')
09-Oct-2026 20:05:50.311 INFO [main] org.apache.catalina.core.ApplicationContext.log Initializing AtmosphereFramework
09-Oct-2026 20:05:51.475 INFO [main] org.apache.catalina.core.ApplicationContext.log ContextListener: contextInitialized()
09-Oct-2026 20:05:51.475 INFO [main] org.apache.catalina.core.ApplicationContext.log SessionListener: contextInitialized()
09-Oct-2026 20:05:51.480 INFO [main] org.apache.catalina.core.ApplicationContext.log ContextListener: attributeAdded('StockTicker', 'async.Stockticker@3af17313')
09-Oct-2026 20:09:30.730 INFO [main] org.apache.catalina.core.ApplicationContext.log Initializing AtmosphereFramework
09-Oct-2026 20:09:31.549 INFO [main] org.apache.catalina.core.ApplicationContext.log ContextListener: contextInitialized()
09-Oct-2026 20:09:31.550 INFO [main] org.apache.catalina.core.ApplicationContext.log SessionListener: contextInitialized()
09-Oct-2026 20:09:31.553 INFO [main] org.apache.catalina.core.ApplicationContext.log ContextListener: attributeAdded('StockTicker', 'async.Stockticker@915c47b')
09-Oct-2026 20:46:02.815 INFO [Catalina-utility-1] org.apache.catalina.core.ApplicationContext.log Initializing AtmosphereFramework
